[INFO] Scanning for projects...
[INFO] 
[INFO] --------------------------< CS2:nexusmarket >---------------------------
[INFO] Building  0.0.1-SNAPSHOT
[INFO]   from pom.xml
[INFO] --------------------------------[ jar ]---------------------------------
[INFO] 
[INFO] --- resources:3.5.0:resources (default-resources) @ nexusmarket ---
[INFO] Copying 2 resources from src\main\resources to target\classes
[INFO] Copying 0 resource from src\main\resources to target\classes
[INFO] 
[INFO] --- compiler:3.15.0:compile (default-compile) @ nexusmarket ---
[INFO] Recompiling the module because of added or removed source files.
[INFO] Compiling 159 source files with javac [debug parameters release 17] to target\classes
[INFO] ------------------------------------------------------------------------
[INFO] BUILD SUCCESS
[INFO] ------------------------------------------------------------------------
[INFO] Total time:  13.298 s
[INFO] Finished at: 2026-08-27T22:17:07-05:00
[INFO] ------------------------------------------------------------------------
