[INFO] Scanning for projects...
[INFO] 
[INFO] --------------------------< CS2:nexusmarket >---------------------------
[INFO] Building  0.0.1-SNAPSHOT
[INFO]   from pom.xml
[INFO] --------------------------------[ jar ]---------------------------------
[INFO] 
[INFO] >>> spring-boot:4.1.1:run (default-cli) > test-compile @ nexusmarket >>>
[INFO] 
[INFO] --- resources:3.5.0:resources (default-resources) @ nexusmarket ---
[INFO] Copying 2 resources from src\main\resources to target\classes
[INFO] Copying 0 resource from src\main\resources to target\classes
[INFO] 
[INFO] --- compiler:3.15.0:compile (default-compile) @ nexusmarket ---
[INFO] Nothing to compile - all classes are up to date.
[INFO] 
[INFO] --- resources:3.5.0:testResources (default-testResources) @ nexusmarket ---
[INFO] skip non existing resourceDirectory C:\Users\Luisv\OneDrive\Desktop\CS2\nexusmarket\nexusmarketII\src\test\resources
[INFO] 
[INFO] --- compiler:3.15.0:testCompile (default-testCompile) @ nexusmarket ---
[INFO] Nothing to compile - all classes are up to date.
[INFO] 
[INFO] <<< spring-boot:4.1.1:run (default-cli) < test-compile @ nexusmarket <<<
[INFO] 
[INFO] 
[INFO] --- spring-boot:4.1.1:run (default-cli) @ nexusmarket ---
[INFO] Attaching agents: []

  .   ____          _            __ _ _
 /\\ / ___'_ __ _ _(_)_ __  __ _ \ \ \ \
( ( )\___ | '_ | '_| | '_ \/ _` | \ \ \ \
 \\/  ___)| |_)| | | | | || (_| |  ) ) ) )
  '  |____| .__|_| |_|_| |_\__, | / / / /
 =========|_|==============|___/=/_/_/_/

 :: Spring Boot ::                (v4.1.1)

2026-09-26T20:21:39.986-05:00  INFO 16264 --- [nexusmarket] [           main] Application.NexusmarketApplication       : Starting NexusmarketApplication using Java 25.0.4.1 with PID 16264 (C:\Users\Luisv\OneDrive\Desktop\CS2\nexusmarket\nexusmarketII\target\classes started by Luisv in C:\Users\Luisv\OneDrive\Desktop\CS2\nexusmarket\nexusmarketII)
2026-09-26T20:21:39.993-05:00  INFO 16264 --- [nexusmarket] [           main] Application.NexusmarketApplication       : The following 2 profiles are active: "demo", "memory"
2026-09-26T20:21:42.197-05:00  INFO 16264 --- [nexusmarket] [           main] o.s.boot.tomcat.TomcatWebServer          : Tomcat initialized with port 8090 (http)
2026-09-26T20:21:42.224-05:00  INFO 16264 --- [nexusmarket] [           main] o.apache.catalina.core.StandardService   : Starting service [Tomcat]
2026-09-26T20:21:42.224-05:00  INFO 16264 --- [nexusmarket] [           main] o.apache.catalina.core.StandardEngine    : Starting Servlet engine: [Apache Tomcat/11.0.24]
2026-09-26T20:21:42.327-05:00  INFO 16264 --- [nexusmarket] [           main] b.w.c.s.WebApplicationContextInitializer : Root WebApplicationContext: initialization completed in 2251 ms
2026-09-26T20:21:42.908-05:00  WARN 16264 --- [nexusmarket] [           main] .s.a.UserDetailsServiceAutoConfiguration : 

Using generated security password: 245063a6-c1fe-4d5f-9925-ee04e0a8fb35

This generated password is for development use only. Your security configuration must be updated before running your application in production.

2026-09-26T20:21:42.920-05:00  INFO 16264 --- [nexusmarket] [           main] r$InitializeUserDetailsManagerConfigurer : Global AuthenticationManager configured with UserDetailsService bean with name inMemoryUserDetailsManager
2026-09-26T20:21:43.459-05:00  INFO 16264 --- [nexusmarket] [           main] o.s.boot.tomcat.TomcatWebServer          : Tomcat started on port 8090 (http) with context path '/'
2026-09-26T20:21:43.477-05:00  INFO 16264 --- [nexusmarket] [           main] Application.NexusmarketApplication       : Started NexusmarketApplication in 4.235 seconds (process running for 4.946)
2026-09-26T20:21:43.488-05:00  INFO 16264 --- [nexusmarket] [           main] A.infrastructure.config.DemoDataSeeder   : Demo data seeded: administrator-1, seller-1, buyer-1, warehouse-1, product-1, inv-1
2026-09-26T20:41:50.309-05:00  INFO 16264 --- [nexusmarket] [ionShutdownHook] o.s.boot.tomcat.GracefulShutdown         : Commencing graceful shutdown. Waiting for active requests to complete
2026-09-26T20:41:50.325-05:00  INFO 16264 --- [nexusmarket] [tomcat-shutdown] o.s.boot.tomcat.GracefulShutdown         : Graceful shutdown complete
[INFO] ------------------------------------------------------------------------
[INFO] BUILD SUCCESS
[INFO] ------------------------------------------------------------------------
[INFO] Total time:  20:15 min
[INFO] Finished at: 2026-09-26T20:41:50-05:00
[INFO] ------------------------------------------------------------------------
¨Desea terminar el trabajo por lotes (S/N)? 